
> futsal-web@0.1.0 check
> node tools/check-syntax.mjs && node tools/check-imports.mjs && node tools/check-undefined.mjs && node tools/check-props.mjs && node tools/check-routes.mjs && node tools/check-security.mjs && node tools/check-i18n.mjs && node --test tests/*.test.js

Sintaxe válida em 130 ficheiros.
Todos os imports resolvem.
Nenhum nome usado sem estar declarado.
Propriedades certas em todos os componentes.
Endereços e molduras em ordem.
  · função "append_match_event" sem search_path fixo (não é grave: não é privilegiada)
  · função "sou_dono_do_clube" sem search_path fixo (não é grave: não é privilegiada)
Segurança: 15 tabelas protegidas, nenhum segredo no código.
✓ i18n: 1079 chaves × 3 idiomas, todas presentes e com as mesmas chavetas.
✔ compara versões numéricas como versões, não como texto (2.2366ms)
✔ só avisa quando a versão publicada é maior (0.4593ms)
✔ reconhece apenas o Android dentro do invólucro nativo (0.4929ms)
✔ lê os dados Android do manifesto com valores por defeito (0.5715ms)
✔ tenta primeiro o manifesto configurado e evita duplicados (1.9782ms)
✔ os minutos somam-se pela época e a média é a da equipa (3.7177ms)
✔ quem fica muito abaixo da média é assinalado, e os outros não (0.5846ms)
✔ um plantel repartido por igual não acusa ninguém (0.619ms)
✔ o painel do atleta resume minutos, utilizacao, impacto e ultimos jogos (2.9687ms)
✔ o painel do guarda-redes separa golos sofridos por periodo (0.9156ms)
✔ um jogador de campo que foi à baliza não vira guarda-redes no dashboard (0.3702ms)
✔ os golos caem na faixa certa, e a segunda parte conta do seu início (0.4537ms)
✔ um golo nos descontos entra na última faixa em vez de se perder (0.1939ms)
✔ um jogo por terminar não entra nas contas (0.2593ms)
✔ a forma vem do mais antigo para o mais recente (1.4015ms)
✔ a fita mostra só os últimos, mas os últimos certos (0.278ms)
✔ casa e fora separam-se, com os golos de cada lado (0.265ms)
✔ a forma sobe com uma vitória, desce com uma derrota e não mexe com um empate (0.2766ms)
✔ uma goleada vale o mesmo que um 1–0 — é a diferença para o saldo (0.1477ms)
✔ a escada olha só para os últimos jogos (0.1955ms)
✔ as faltas contam-se por jogo, e o limite das cinco continua a ser por parte (1.0783ms)
✔ as faltas sofridas contam-se à parte, e são as do adversário (0.4768ms)
✔ faltas sem dono não fingem um gráfico por jogador (0.4245ms)
✔ os cartões somam-se por jogador e o vermelho ordena à frente (0.4648ms)
✔ uma primeira parte por terminar não conta como parte sem faltas (0.2805ms)
✔ o tipo de jogo do escalão é o dos jogos que ele tem (0.3964ms)
✔ o filtro do tipo separa os cronometrados dos corridos (0.3766ms)
✔ sem provas escolhidas ficam todas, e não nenhuma (0.2793ms)
✔ a parte dura 20 minutos no cronometrado e 30 no corrido (0.3593ms)
✔ com os dois tipos à mistura manda o mais longo, para nenhum golo ficar de fora (0.1865ms)
✔ cada faixa traz a média por jogo, e não só o total (0.2302ms)
✔ o limite antigo continua em 14 e null significa sem limite (2.7282ms)
✔ relógio: acumulado + tempo desde o arranque (0.3491ms)
✔ fmt formata MM:SS e aceita minutos acima de 59 (0.2938ms)
✔ a duração da parte é uma referência: o relógio passa dela sem parar (9.3456ms)
✔ o cinco inicial conta como primeira entrada de cada jogador (0.5736ms)
✔ o tempo não avança com o cronómetro parado (0.6489ms)
✔ jogo completo: tempos em campo, banco e entradas (2.8765ms)
✔ o intervalo não pode ser "retomado" como se fosse a primeira parte (0.7286ms)
✔ a expulsão deixa a equipa em inferioridade e impede o regresso (2.4806ms)
✔ os 2 minutos só arrancam quando o utilizador manda (1.5893ms)
✔ a contagem dos 2 minutos pára com o cronómetro (1.3522ms)
✔ a sanção pode ser terminada à mão por decisão do árbitro (0.4983ms)
✔ um golo do adversário termina sozinho a sanção — é sempre golo sofrido (0.8243ms)
✔ cada golo sofrido liberta apenas um jogador, o da sanção mais antiga (0.4492ms)
✔ golos guardam marcador e assistência, atribuídos depois do apito (0.9406ms)
✔ atribuições antigas sem id estável ainda ligam ao golo e à falta (1.0489ms)
✔ autogolo conta para o resultado mas não para nenhum marcador nosso (0.566ms)
✔ os golos sofridos ficam no guarda-redes que estava em campo (0.8658ms)
✔ estatísticas do clube incluem jogadores novos e dados atuais do plantel (1.2968ms)
✔ dois amarelos no mesmo jogo contam como um vermelho, não como dois amarelos (0.6888ms)
✔ um vermelho directo expulsa e conta um vermelho (0.326ms)
✔ um vermelho no banco expulsa sem abrir sanção (0.3177ms)
✔ anular o segundo amarelo devolve o jogador ao campo (0.5408ms)
✔ faltas acumuladas: contagem por parte, total do jogo e limite dos 10 metros (3.0619ms)
✔ as faltas guardam o jogador nosso envolvido: quem a fez ou quem a sofreu (1.1381ms)
✔ repor jogador após expulsão abre uma nova entrada (0.9377ms)
✔ a alteração de posição não cria entradas nem fecha períodos (0.3511ms)
✔ desfazer uma substituição repõe o estado anterior (0.3285ms)
✔ exemplo da especificação: 8:00 em 3 entradas dá 2:40 de média (0.2727ms)
✔ desfazer não alcança a parte anterior (0.696ms)
✔ validações: convocatória, cinco inicial e transições (0.6576ms)
✔ o tipo de jogo define a duração da parte e da sanção (0.2152ms)
✔ durante a sanção a equipa não pode voltar aos cinco (0.964ms)
✔ com o mesmo número de expulsos, um golo não repõe ninguém (0.7171ms)
✔ o contador de expulsões do adversário não desce abaixo de zero (0.2972ms)
✔ 5v4: um jogador de campo à baliza abre e fecha o período sozinho (0.8063ms)
✔ 5v4: o botão liga quando é o próprio guarda-redes a subir (0.4438ms)
✔ 5v4: o botão também desliga um automatismo que se enganou (0.4744ms)
✔ 5v4: sem posição registada não se inventa nada (0.234ms)
✔ 5v4: o intervalo fecha o período e não o arrasta para a 2.ª parte (0.5319ms)
✔ corrigir um golo da 1.ª parte corrige também o resultado ao intervalo (1.3942ms)
✔ não se começa a 2.ª parte com menos de cinco em campo (1.5843ms)
✔ com menos de cinco disponíveis, exige-se o que houver (1.8391ms)
✔ um expulso deixa de contar para os disponíveis (0.6849ms)
✔ a sanção por cumprir continua na 2.ª parte, e a equipa entra reduzida (0.9313ms)
✔ cumpridos os dois minutos na 2.ª parte, a equipa volta aos cinco (0.4887ms)
✔ com dois expulsos, cumprir uma sanção liberta um lugar — não os dois (0.6523ms)
✔ um golo sofrido com dois expulsos devolve um jogador, não dois (0.6779ms)
✔ 5v4 da época: saldo, tempo e quem lá esteve (1.1644ms)
✔ sem 5v4 nenhum, o agregado é todo zeros e não divide por zero (0.3164ms)
✔ acertar o relógio move o jogo e a parte pelo mesmo passo (0.3804ms)
✔ e soma quando o passo é positivo (0.3405ms)
✔ não anda para trás do zero, e não desencontra os dois contadores (0.2964ms)
✔ com o cronómetro a andar, o acerto não é comido pelo tempo decorrido (0.2789ms)
✔ no intervalo não há relógio para acertar (0.3009ms)
✔ a percentagem de jogos com 5v4 ignora os que ainda não começaram (0.4575ms)
✔ estão lá os seis (2.898ms)
✔ as variáveis estão escritas como o Supabase as lê (2.5901ms)
✔ o convite e a recuperação não têm código nenhum (0.9376ms)
✔ os outros levam o código, que é a saída para um link já gasto (0.9674ms)
✔ quem não tem código tem um botão, senão ficava sem saída nenhuma (0.8202ms)
✔ a reautenticação não promete um botão que não existe (0.5464ms)
✔ o convite e a recuperação levam ao ecrã da palavra-passe (0.7621ms)
✔ o `tipo` que o email manda é um dos que a página aceita (1.804ms)
✔ a página da palavra-passe não fica atrás do Guard (2.8598ms)
✔ quem tem sessão mas não tem palavra-passe tem sempre uma saída (1.0324ms)
✔ a palavra-passe atual é confirmada antes de ser mudada (0.6989ms)
✔ começa em português: é o dicionário que está sempre completo (2.6365ms)
✔ traduz para o idioma escolhido (2.1237ms)
✔ o locale acompanha o idioma, para as datas saírem certas (0.4831ms)
✔ cola os valores nas chavetas (2.3191ms)
✔ uma chaveta sem valor fica como está, em vez de virar "undefined" (0.3906ms)
✔ chave que não existe em lado nenhum devolve a própria chave (1.5787ms)
✔ um idioma que não temos é ignorado, em vez de esvaziar a app (0.3311ms)
✔ as etiquetas dos enums existem para todas as posições e eventos (0.6799ms)
✔ nenhuma tradução ficou por fazer: os três dicionários têm textos diferentes (0.3412ms)
✔ a validação devolve chaves, não frases (0.5045ms)
✔ a chave leva consigo os valores que a frase precisa (2.1026ms)
✔ mensagemErro transforma a chave na frase do idioma escolhido (0.5723ms)
✔ mensagemErro aceita null, para quem não quer testar antes (0.3472ms)
✔ as etiquetas de formato seguem o idioma (0.6113ms)
✔ por omissão o registo está aberto (0.3446ms)
✔ o registo público já não pode ser fechado por um build antigo (0.375ms)
✔ marcar o arranque nunca atira, mesmo sem o plugin nativo (0.3833ms)
✔ chamar duas vezes é seguro (0.1246ms)
✔ o recorte é sempre um quadrado, centrado (2.4788ms)
✔ uma dimensão ímpar não faz o recorte sair do sítio (0.4066ms)
✔ o tamanho é medido em bytes, não em letras (0.4362ms)
✔ o que não é um data URL vale zero (1.5111ms)
✔ os limites continuam sensatos (0.4892ms)
✔ só entram formatos que os browsers sabem desenhar (0.2506ms)
✔ o nome não ficou vazio nem com espaços a mais (2.447ms)
✔ é o mesmo nos três idiomas (0.4269ms)
✔ é o mesmo na moldura do site (0.998ms)
✔ é o mesmo no manifesto do browser (0.7668ms)
✔ é o mesmo por baixo do ícone no Android (0.8936ms)
✔ é o mesmo por baixo do ícone no iOS (0.7051ms)
✔ é o mesmo no Capacitor (0.5111ms)
✔ o identificador tem a forma que as lojas exigem (0.4636ms)
✔ o identificador é o mesmo no Android (1.3391ms)
✔ o pacote do MainActivity condiz com a pasta onde ele está (1.0977ms)
✔ o identificador é o mesmo no iOS e no Codemagic (1.219ms)
✔ é o mesmo nos emails do Supabase (0.7915ms)
✔ o email é conferido antes de o convite sair (1.6783ms)
✔ o email desce a minúsculas (0.2673ms)
✔ subir de treinador para clube é sempre possível (0.3157ms)
✔ descer para treinador com um escalão só também (0.225ms)
✔ mas não com escalões a mais (0.4293ms)
✔ e não se muda para a licença que já se tem (0.2142ms)
✔ uma licença inventada é recusada (0.208ms)
✔ só se aceita o Host desta máquina (0.2736ms)
✔ a chave lê-se do cabeçalho ou do endereço (0.4008ms)
✔ a chave errada não passa, e a certa passa (0.4771ms)
✔ o estado conta o que interessa e não conta o que está arquivado (1.9862ms)
✔ os jogos contam para quem é dono do escalão, não para quem o vê (3.0243ms)
✔ o dono do clube não aparece como associado a si próprio (1.1215ms)
✔ convidar cria a conta já com a licença escolhida (1.3321ms)
✔ convidar quem já existe não repete o convite mas actualiza a licença (0.8147ms)
✔ convidar com um email torto não chega a chamar o Supabase (0.7121ms)
✔ convidar com uma licença inventada também não (0.3002ms)
✔ convidar com clube associa à parte (0.3975ms)
✔ o painel admin pode criar uma licença de clube já associada a outro clube (0.2446ms)
✔ mudar a licença do gerente para treinador é recusado — tem dois escalões (1.2374ms)
✔ mas a ana sobe a clube sem problema (0.4372ms)
✔ a validade pode ser actualizada sem trocar o tipo de licença (0.5045ms)
✔ remover licença deixa a conta como treinador expirado (0.4776ms)
✔ associar e desassociar clube mexe em membros e acessos (1.4234ms)
✔ uma conta que não existe dá uma mensagem clara (0.3742ms)
✔ o que sai é o que entra: ida e volta sem perder nada (4.6665ms)
✔ um ficheiro exportado noutra língua volta a entrar (0.9968ms)
✔ o ficheiro de exemplo é ele próprio importável (1.0843ms)
✔ só o número e o nome são obrigatórios (0.3442ms)
✔ sem cabeçalho também se lê, pela ordem das colunas (1.0033ms)
✔ vírgula em vez de ponto e vírgula: o Excel inglês também serve (0.6436ms)
✔ um nome com ponto e vírgula entre aspas não é partido ao meio (0.6533ms)
✔ acentos e maiúsculas não impedem o reconhecimento (0.6254ms)
✔ as linhas más ficam de fora sem levar as boas à frente (1.0989ms)
✔ o número repetido diz em que linha já tinha aparecido (0.4681ms)
✔ um ficheiro vazio diz que está vazio, em vez de rebentar (0.246ms)
✔ o número zero é válido — há guarda-redes com o 0 (0.247ms)
✔ no browser, regista o service worker (3.2272ms)
✔ dentro do invólucro nativo, NÃO regista (4.7648ms)
✔ reconhece o invólucro pelas três formas que o Capacitor já usou (1.0175ms)
✔ sem serviceWorker no browser, não rebenta (0.3304ms)
✔ os ecrãs traduzem-se para o ficheiro que os serve (0.4241ms)
✔ os ficheiros com extensão ficam como estão (0.2048ms)
✔ o service worker não se guarda a si próprio (0.5979ms)
✔ o service worker é registado a partir do arranque da app (0.4883ms)
✔ o `build` gera o service worker (0.5052ms)
✔ os ids viajam na barra de endereço, e não no caminho (1.3843ms)
✔ a origem viaja codificada, para o botão atrás voltar ao sítio certo (1.3432ms)
✔ a aba do ecrã em que estamos fica acesa (0.6962ms)
✔ e continua acesa nas páginas penduradas nela (0.4427ms)
✔ sem barra no fim e com ids dá o mesmo (0.7184ms)
✔ um caminho de fora não acende nada (0.3735ms)
✔ reconhece o jogo ao vivo com e sem barra no fim (0.6043ms)
✔ e não confunde com os ecrãs vizinhos do jogo (0.2737ms)
✔ o endereço do jogo ao vivo é mesmo esse (0.2205ms)
✔ a fila envia tudo por ordem e limpa a marca de pendente (28.8176ms)
✔ reenviar a fila não duplica nada (2.0998ms)
✔ uma falha a meio deixa o resto na fila para a próxima tentativa (1.5826ms)
✔ descarregar do servidor não pisa o que ainda não foi enviado (4.2705ms)
✔ num dispositivo novo, descarregar traz tudo (2.0504ms)
✔ assistencias sobrevivem ao envio e descarga com eventos antigos (4.395ms)
✔ faltas atribuidas sobrevivem ao envio e descarga com eventos antigos (3.1234ms)
✔ reenviar evento ja existente corrige metadata no servidor (1.569ms)
✔ desfazer sobrevive ao envio e descarga com eventos antigos (1.9902ms)
✔ um backup restaurado sobe inteiro, com clube e tudo (1.8567ms)
✔ um jogo novo arrasta o clube, mesmo que o clube já se julgue enviado (1.0383ms)
✔ um clube apagado fica arquivado no servidor e nao volta no outro dispositivo (2.2273ms)
sobras do modelo antigo: 1 adotadas por um escalão, 0 sem escalão onde encaixar.
sobras do modelo antigo: 0 adotadas por um escalão, 1 sem escalão onde encaixar.
sobras do modelo antigo: 1 adotadas por um escalão, 0 sem escalão onde encaixar.
sobras do modelo antigo: 0 adotadas por um escalão, 2 sem escalão onde encaixar.
sincronização adiada: clubs (Patameiras[c216145c dono=null→11111111-1111-4111-8111-111111111111]): sem rede 
✔ pedir sincronizacao enquanto outra corre faz uma segunda passagem (12.9893ms)
✔ o escalão sobe antes do jogador e do jogo que dependem dele (1.3863ms)
✔ um jogador do modelo antigo é adotado pelo escalão do clube (1.6671ms)
✔ sem escalão onde encaixar, a linha antiga sai da fila em vez de a bloquear (0.474ms)
✔ a demonstração monta uma equipa jogável e apaga-se só a si própria (6.2789ms)
✔ a demonstração não sobe para o servidor (1.5261ms)
✔ um jogador antigo e já sincronizado não trava o envio ao ser arrastado como pai (1.2378ms)
✔ sem escalão onde encaixar, o jogo inteiro fica para trás em vez de subir partido (0.5825ms)
✔ sair da conta não faz o envio escrever com uma sessão que já não existe (0.9021ms)
✔ com a sessão certa, o envio segue como sempre (1.0113ms)
✔ a base deste aparelho é de uma conta de cada vez (0.6714ms)
✔ o mesmo dono a voltar não perde nada (0.2745ms)
✔ o segundo clube é recusado (5.194ms)
✔ depois de arquivar o clube, pode criar-se outro (0.5343ms)
✔ o jogo de experiência continua a poder montar-se (0.2083ms)
✔ a licença desce com a descarga e fica guardada (1.5752ms)
✔ com licença de treinador, o segundo escalão é recusado (0.5462ms)
✔ um escalão novo nasce com as competições base (0.3774ms)
✔ com licença de clube, criam-se os escalões todos (1.09ms)
✔ o nível de acesso desce em cada descarga (1.6987ms)
✔ o nível desce mesmo num escalão com alterações por enviar (1.8966ms)
✔ ser dono do clube ganha ao que estiver na tabela de acessos (1.2982ms)
✔ um escalão criado sem rede é de quem o criou (0.3747ms)
✔ quem tem `ver` não escreve, quem tem `editar` escreve (0.6879ms)
✔ um escalão que não existe não dá acesso a nada (0.128ms)
✔ a fila não reenvia o clube de outra pessoa (0.2793ms)
✔ o clube nasce sem dono e é o envio que o carimba (0.2426ms)
✔ "já tens um clube" só conta os clubes desta conta (0.1552ms)
✔ um treinador associado não cria escalões no clube do gerente (0.5745ms)
✔ o clube do gerente não mostra botões a um treinador associado (0.1442ms)
✔ o meu clube mostra (0.0915ms)
✔ um clube criado aqui e ainda por sincronizar é meu (0.0716ms)
✔ sem clube nenhum não há dono (0.0457ms)
✔ a origem viaja no endereço e não pisa os ids (0.3926ms)
✔ a origem é codificada, para os seus próprios parâmetros não se perderem (0.22ms)
✔ sem origem, o endereço fica como estava (0.2101ms)
✔ uma linha antiga sem dono não impede o primeiro clube (0.2637ms)
✔ mas o segundo clube da mesma sessão continua recusado (0.2254ms)
✔ depois de enviado, o clube fica com o dono na linha local (0.3105ms)
✔ apagar um escalão sobe ao servidor e não volta na descarga (3.1885ms)
✔ e o lugar fica livre para outro (0.7669ms)
✔ apagar um jogo sobe ao servidor e não volta na descarga (1.5916ms)
✔ um jogo apagado a meio deixa de ser o "jogo em curso" (1.1952ms)
✔ a competição apagada sai da lista e sobe arquivada (1.0311ms)
✔ e os jogos dessa competição ficam sem prova, não apagados (0.7265ms)
✔ sem servidor nenhum, guardar não atira e diz que não subiu (0.8535ms)
✔ com o servidor a recusar, guardar também não atira (1.0197ms)
✔ sem rede declarada pelo aparelho, o estado é offline e não é erro (0.6582ms)
✔ com servidor a responder, guardar confirma e esvazia a fila (0.959ms)
✔ um jogo começado sem rede sobe inteiro quando a rede volta (1.4089ms)
✔ a segunda descarga não traz nada, se nada mudou (1.3729ms)
✔ a pergunta leve evita selects quando nada mudou (3.3372ms)
✔ mas traz o que mudou depois da última vez (2.1049ms)
✔ esquecer a marca faz voltar a trazer tudo (1.9597ms)
✔ sem clubes por mudar, os jogos novos chegam à mesma (1.6813ms)
✔ servidor antigo sem updated_at nos eventos ainda descarrega o resultado (3.4226ms)
✔ uma época com mais de mil eventos chega inteira (15.3285ms)
✔ e a segunda descarga continua a não trazer nada (8.1028ms)
ℹ tests 259
ℹ suites 0
ℹ pass 259
ℹ fail 0
ℹ cancelled 0
ℹ skipped 0
ℹ todo 0
ℹ duration_ms 537.5116
